// Jest Snapshot v1, https://goo.gl/fbAQLP

exports[`Capital gains  1`] = `3600`;

exports[`Capital gains  2`] = `3600`;
